✖ strict Study decoders accept one live committed operation read-back (27.956875ms)
✔ strict Tavern decoders accept live backend room aggregates (67.500583ms)
ℹ tests 2
ℹ suites 0
ℹ pass 1
ℹ fail 1
ℹ cancelled 0
ℹ skipped 0
ℹ todo 0
ℹ duration_ms 150.021541

✖ failing tests:

test at apps/web/tests/study-real-response-decode.test.ts:12:1
✖ strict Study decoders accept one live committed operation read-back (27.956875ms)
  AssertionError [ERR_ASSERTION]: Expected values to be strictly equal:
  + actual - expected
  
  + 'uncertain'
  - 'committed'
  
      at TestContext.<anonymous> (file:///Users/ffox/vibe-learner/apps/web/tests/study-real-response-decode.test.ts:32:10)
      at process.processTicksAndRejections (node:internal/process/task_queues:104:5)
      at async Test.run (node:internal/test_runner/test:1409:7)
      at async startSubtestAfterBootstrap (node:internal/test_runner/harness:387:3) {
    generatedMessage: true,
    code: 'ERR_ASSERTION',
    actual: 'uncertain',
    expected: 'committed',
    operator: 'strictEqual',
    diff: 'simple'
  }
