    Updating crates.io index
     Locking 4 packages to latest compatible versions
      Adding rfd v0.16.0
      Adding tauri-plugin-dialog v2.7.3
      Adding tauri-plugin-fs v2.5.2
      Adding toml v1.1.2+spec-1.1.0 (available: v1.1.5+spec-1.1.0)
 Downloading crates ...
  Downloaded toml v1.1.2+spec-1.1.0
  Downloaded tauri-plugin-dialog v2.7.3
  Downloaded rfd v0.16.0
  Downloaded tauri-plugin-fs v2.5.2
    Checking objc2-core-foundation v0.3.2
   Compiling toml_datetime v1.1.1+spec-1.1.0
   Compiling tauri-plugin-dialog v2.7.3
   Compiling rfd v0.16.0
   Compiling toml v1.1.2+spec-1.1.0
    Checking objc2-foundation v0.3.2
   Compiling tauri-plugin-fs v2.5.2
    Checking objc2-app-kit v0.3.2
   Compiling vibe-learner-desktop v0.2.2 (/Users/ffox/vibe-learner/apps/desktop/src-tauri)
    Checking objc2-web-kit v0.3.2
    Checking tao v0.34.8
    Checking window-vibrancy v0.6.0
    Checking muda v0.17.2
    Checking tauri-runtime v2.10.1
    Checking wry v0.54.4
    Checking tauri-runtime-wry v2.10.1
    Checking tauri v2.10.3
    Checking tauri-plugin-stronghold v2.3.1
    Finished `dev` profile [unoptimized + debuginfo] target(s) in 12.15s
