{"case": "upload", "status": 200}
{"case": "process", "status": 200}
{"case": "document_debug", "status": 200}
{"case": "document_context", "status": 200}
{"case": "document_process_events", "status": 200}
{"case": "plan", "status": 200}
{"case": "plan_readback", "status": 200}
{"case": "goal_plan_stream", "status": 200}
{"case": "persona", "status": 200}
{"case": "scene", "status": 200}
{"case": "scene_library_before", "status": 200}
{"case": "scene_invalid", "status": 422}
{"case": "scene_library_after", "status": 200}
{"case": "session", "status": 200}
{"case": "chat", "status": 200}
{"case": "chat_readback", "status": 200}
{"case": "cast_0", "status": 200}
{"case": "cast_1", "status": 200}
{"case": "cast_2", "status": 200}
{"case": "cast_3", "status": 200}
{"case": "cast_4", "status": 200}
{"case": "cast_5", "status": 200}
{"case": "room", "status": 200}
{"case": "tavern_turn_0", "status": 200}
{"case": "tavern_replay_0", "status": 200}
{"case": "room_readback_0", "status": 200}
{"case": "tavern_turn_1", "status": 200}
{"case": "tavern_replay_1", "status": 200}
{"case": "room_readback_1", "status": 200}
{"session_id": "session-763b992a12", "client_request_id": "acceptance-chat-a125b664", "room_id": "tavern-c7be78e60cc1", "document_id": "doc-5d24ea6303"}
